This is pdfTeX, Version 3.141592653-2.6-1.40.27 (TeX Live 2025) (preloaded format=pdflatex 2025.3.8)  31 AUG 2026 19:57
entering extended mode
 restricted \write18 enabled.
 %&-line parsing enabled.
**dist/Andrew_Klesh_Pro_CV.tex
(./dist/Andrew_Klesh_Pro_CV.tex
LaTeX2e <2024-11-01> patch level 2
L3 programming layer <2025-01-18>
(/usr/local/texlive/2025/texmf-dist/tex/latex/base/article.cls
Document Class: article 2024/06/29 v1.4n Standard LaTeX document class
(/usr/local/texlive/2025/texmf-dist/tex/latex/base/size11.clo
File: size11.clo 2024/06/29 v1.4n Standard LaTeX file (size option)
)
\c@part=\count196
\c@section=\count197
\c@subsection=\count198
\c@subsubsection=\count199
\c@paragraph=\count266
\c@subparagraph=\count267
\c@figure=\count268
\c@table=\count269
\abovecaptionskip=\skip49
\belowcaptionskip=\skip50
\bibindent=\dimen141
)
(/usr/local/texlive/2025/texmf-dist/tex/latex/base/inputenc.sty
Package: inputenc 2024/02/08 v1.3d Input encoding file
\inpenc@prehook=\toks17
\inpenc@posthook=\toks18
)
(/usr/local/texlive/2025/texmf-dist/tex/latex/geometry/geometry.sty
Package: geometry 2020/01/02 v5.9 Page Geometry

(/usr/local/texlive/2025/texmf-dist/tex/latex/graphics/keyval.sty
Package: keyval 2022/05/29 v1.15 key=value parser (DPC)
\KV@toks@=\toks19
)
(/usr/local/texlive/2025/texmf-dist/tex/generic/iftex/ifvtex.sty
Package: ifvtex 2019/10/25 v1.7 ifvtex legacy package. Use iftex instead.

(/usr/local/texlive/2025/texmf-dist/tex/generic/iftex/iftex.sty
Package: iftex 2024/12/12 v1.0g TeX engine tests
))
\Gm@cnth=\count270
\Gm@cntv=\count271
\c@Gm@tempcnt=\count272
\Gm@bindingoffset=\dimen142
\Gm@wd@mp=\dimen143
\Gm@odd@mp=\dimen144
\Gm@even@mp=\dimen145
\Gm@layoutwidth=\dimen146
\Gm@layoutheight=\dimen147
\Gm@layouthoffset=\dimen148
\Gm@layoutvoffset=\dimen149
\Gm@dimlist=\toks20
)
(/usr/local/texlive/2025/texmf-dist/tex/latex/titlesec/titlesec.sty
Package: titlesec 2025/01/04 v2.17 Sectioning titles
\ttl@box=\box52
\beforetitleunit=\skip51
\aftertitleunit=\skip52
\ttl@plus=\dimen150
\ttl@minus=\dimen151
\ttl@toksa=\toks21
\titlewidth=\dimen152
\titlewidthlast=\dimen153
\titlewidthfirst=\dimen154
)
(/usr/local/texlive/2025/texmf-dist/tex/latex/enumitem/enumitem.sty
Package: enumitem 2025/02/06 v3.11 Customized lists
\labelindent=\skip53
\enit@outerparindent=\dimen155
\enit@toks=\toks22
\enit@inbox=\box53
\enit@count@id=\count273
\enitdp@description=\count274
)
(/usr/local/texlive/2025/texmf-dist/tex/latex/hyperref/hyperref.sty
Package: hyperref 2024-11-05 v7.01l Hypertext links for LaTeX

(/usr/local/texlive/2025/texmf-dist/tex/latex/kvsetkeys/kvsetkeys.sty
Package: kvsetkeys 2022-10-05 v1.19 Key value parser (HO)
)
(/usr/local/texlive/2025/texmf-dist/tex/generic/kvdefinekeys/kvdefinekeys.sty
Package: kvdefinekeys 2019-12-19 v1.6 Define keys (HO)
)
(/usr/local/texlive/2025/texmf-dist/tex/generic/pdfescape/pdfescape.sty
Package: pdfescape 2019/12/09 v1.15 Implements pdfTeX's escape features (HO)

(/usr/local/texlive/2025/texmf-dist/tex/generic/ltxcmds/ltxcmds.sty
Package: ltxcmds 2023-12-04 v1.26 LaTeX kernel commands for general use (HO)
)
(/usr/local/texlive/2025/texmf-dist/tex/generic/pdftexcmds/pdftexcmds.sty
Package: pdftexcmds 2020-06-27 v0.33 Utility functions of pdfTeX for LuaTeX (HO
)

(/usr/local/texlive/2025/texmf-dist/tex/generic/infwarerr/infwarerr.sty
Package: infwarerr 2019/12/03 v1.5 Providing info/warning/error messages (HO)
)
Package pdftexcmds Info: \pdf@primitive is available.
Package pdftexcmds Info: \pdf@ifprimitive is available.
Package pdftexcmds Info: \pdfdraftmode found.
))
(/usr/local/texlive/2025/texmf-dist/tex/latex/hycolor/hycolor.sty
Package: hycolor 2020-01-27 v1.10 Color options for hyperref/bookmark (HO)
)
(/usr/local/texlive/2025/texmf-dist/tex/latex/hyperref/nameref.sty
Package: nameref 2023-11-26 v2.56 Cross-referencing by name of section

(/usr/local/texlive/2025/texmf-dist/tex/latex/refcount/refcount.sty
Package: refcount 2019/12/15 v3.6 Data extraction from label references (HO)
)
(/usr/local/texlive/2025/texmf-dist/tex/generic/gettitlestring/gettitlestring.s
ty
Package: gettitlestring 2019/12/15 v1.6 Cleanup title references (HO)
 (/usr/local/texlive/2025/texmf-dist/tex/latex/kvoptions/kvoptions.sty
Package: kvoptions 2022-06-15 v3.15 Key value format for package options (HO)
))
\c@section@level=\count275
)
(/usr/local/texlive/2025/texmf-dist/tex/latex/etoolbox/etoolbox.sty
Package: etoolbox 2025/02/11 v2.5l e-TeX tools for LaTeX (JAW)
\etb@tempcnta=\count276
)
(/usr/local/texlive/2025/texmf-dist/tex/generic/stringenc/stringenc.sty
Package: stringenc 2019/11/29 v1.12 Convert strings between diff. encodings (HO
)
)
\@linkdim=\dimen156
\Hy@linkcounter=\count277
\Hy@pagecounter=\count278

(/usr/local/texlive/2025/texmf-dist/tex/latex/hyperref/pd1enc.def
File: pd1enc.def 2024-11-05 v7.01l Hyperref: PDFDocEncoding definition (HO)
Now handling font encoding PD1 ...
... no UTF-8 mapping file for font encoding PD1
)
(/usr/local/texlive/2025/texmf-dist/tex/generic/intcalc/intcalc.sty
Package: intcalc 2019/12/15 v1.3 Expandable calculations with integers (HO)
)
\Hy@SavedSpaceFactor=\count279

(/usr/local/texlive/2025/texmf-dist/tex/latex/hyperref/puenc.def
File: puenc.def 2024-11-05 v7.01l Hyperref: PDF Unicode definition (HO)
Now handling font encoding PU ...
... no UTF-8 mapping file for font encoding PU
)
Package hyperref Info: Hyper figures OFF on input line 4157.
Package hyperref Info: Link nesting OFF on input line 4162.
Package hyperref Info: Hyper index ON on input line 4165.
Package hyperref Info: Plain pages OFF on input line 4172.
Package hyperref Info: Backreferencing OFF on input line 4177.
Package hyperref Info: Implicit mode ON; LaTeX internals redefined.
Package hyperref Info: Bookmarks ON on input line 4424.
\c@Hy@tempcnt=\count280

(/usr/local/texlive/2025/texmf-dist/tex/latex/url/url.sty
\Urlmuskip=\muskip17
Package: url 2013/09/16  ver 3.4  Verb mode for urls, etc.
)
LaTeX Info: Redefining \url on input line 4763.
\XeTeXLinkMargin=\dimen157

(/usr/local/texlive/2025/texmf-dist/tex/generic/bitset/bitset.sty
Package: bitset 2019/12/09 v1.3 Handle bit-vector datatype (HO)

(/usr/local/texlive/2025/texmf-dist/tex/generic/bigintcalc/bigintcalc.sty
Package: bigintcalc 2019/12/15 v1.5 Expandable calculations on big integers (HO
)
))
\Fld@menulength=\count281
\Field@Width=\dimen158
\Fld@charsize=\dimen159
Package hyperref Info: Hyper figures OFF on input line 6042.
Package hyperref Info: Link nesting OFF on input line 6047.
Package hyperref Info: Hyper index ON on input line 6050.
Package hyperref Info: backreferencing OFF on input line 6057.
Package hyperref Info: Link coloring OFF on input line 6062.
Package hyperref Info: Link coloring with OCG OFF on input line 6067.
Package hyperref Info: PDF/A mode OFF on input line 6072.

(/usr/local/texlive/2025/texmf-dist/tex/latex/base/atbegshi-ltx.sty
Package: atbegshi-ltx 2021/01/10 v1.0c Emulation of the original atbegshi
package with kernel methods
)
\Hy@abspage=\count282
\c@Item=\count283
\c@Hfootnote=\count284
)
Package hyperref Info: Driver (autodetected): hpdftex.

(/usr/local/texlive/2025/texmf-dist/tex/latex/hyperref/hpdftex.def
File: hpdftex.def 2024-11-05 v7.01l Hyperref driver for pdfTeX

(/usr/local/texlive/2025/texmf-dist/tex/latex/base/atveryend-ltx.sty
Package: atveryend-ltx 2020/08/19 v1.0a Emulation of the original atveryend pac
kage
with kernel methods
)
\Fld@listcount=\count285
\c@bookmark@seq@number=\count286

(/usr/local/texlive/2025/texmf-dist/tex/latex/rerunfilecheck/rerunfilecheck.sty
Package: rerunfilecheck 2022-07-10 v1.10 Rerun checks for auxiliary files (HO)

(/usr/local/texlive/2025/texmf-dist/tex/generic/uniquecounter/uniquecounter.sty
Package: uniquecounter 2019/12/15 v1.4 Provide unlimited unique counter (HO)
)
Package uniquecounter Info: New unique counter `rerunfilecheck' on input line 2
85.
)
\Hy@SectionHShift=\skip54
) (/usr/local/texlive/2025/texmf-dist/tex/latex/xcolor/xcolor.sty
Package: xcolor 2024/09/29 v3.02 LaTeX color extensions (UK)

(/usr/local/texlive/2025/texmf-dist/tex/latex/graphics-cfg/color.cfg
File: color.cfg 2016/01/02 v1.6 sample color configuration
)
Package xcolor Info: Driver file: pdftex.def on input line 274.

(/usr/local/texlive/2025/texmf-dist/tex/latex/graphics-def/pdftex.def
File: pdftex.def 2024/04/13 v1.2c Graphics/color driver for pdftex
)
(/usr/local/texlive/2025/texmf-dist/tex/latex/graphics/mathcolor.ltx)
Package xcolor Info: Model `cmy' substituted by `cmy0' on input line 1349.
Package xcolor Info: Model `hsb' substituted by `rgb' on input line 1353.
Package xcolor Info: Model `RGB' extended on input line 1365.
Package xcolor Info: Model `HTML' substituted by `rgb' on input line 1367.
Package xcolor Info: Model `Hsb' substituted by `hsb' on input line 1368.
Package xcolor Info: Model `tHsb' substituted by `hsb' on input line 1369.
Package xcolor Info: Model `HSB' substituted by `hsb' on input line 1370.
Package xcolor Info: Model `Gray' substituted by `gray' on input line 1371.
Package xcolor Info: Model `wave' substituted by `hsb' on input line 1372.
)
(/usr/local/texlive/2025/texmf-dist/tex/latex/parskip/parskip.sty
Package: parskip 2021-03-14 v2.0h non-zero parskip adjustments
)
(/usr/local/texlive/2025/texmf-dist/tex/latex/fancyhdr/fancyhdr.sty
Package: fancyhdr 2025/02/07 v5.2 Extensive control of page headers and footers

\f@nch@headwidth=\skip55
\f@nch@offset@elh=\skip56
\f@nch@offset@erh=\skip57
\f@nch@offset@olh=\skip58
\f@nch@offset@orh=\skip59
\f@nch@offset@elf=\skip60
\f@nch@offset@erf=\skip61
\f@nch@offset@olf=\skip62
\f@nch@offset@orf=\skip63
\f@nch@height=\skip64
\f@nch@footalignment=\skip65
\f@nch@widthL=\skip66
\f@nch@widthC=\skip67
\f@nch@widthR=\skip68
\@temptokenb=\toks23
)
(/usr/local/texlive/2025/texmf-dist/tex/latex/tools/multicol.sty
Package: multicol 2024/09/14 v1.9i multicolumn formatting (FMi)
\c@tracingmulticols=\count287
\mult@box=\box54
\multicol@leftmargin=\dimen160
\c@unbalance=\count288
\c@collectmore=\count289
\doublecol@number=\count290
\multicoltolerance=\count291
\multicolpretolerance=\count292
\full@width=\dimen161
\page@free=\dimen162
\premulticols=\dimen163
\postmulticols=\dimen164
\multicolsep=\skip69
\multicolbaselineskip=\skip70
\partial@page=\box55
\last@line=\box56
\mc@boxedresult=\box57
\maxbalancingoverflow=\dimen165
\mult@rightbox=\box58
\mult@grightbox=\box59
\mult@firstbox=\box60
\mult@gfirstbox=\box61
\@tempa=\box62
\@tempa=\box63
\@tempa=\box64
\@tempa=\box65
\@tempa=\box66
\@tempa=\box67
\@tempa=\box68
\@tempa=\box69
\@tempa=\box70
\@tempa=\box71
\@tempa=\box72
\@tempa=\box73
\@tempa=\box74
\@tempa=\box75
\@tempa=\box76
\@tempa=\box77
\@tempa=\box78
\@tempa=\box79
\@tempa=\box80
\@tempa=\box81
\@tempa=\box82
\@tempa=\box83
\@tempa=\box84
\@tempa=\box85
\@tempa=\box86
\@tempa=\box87
\@tempa=\box88
\@tempa=\box89
\@tempa=\box90
\@tempa=\box91
\@tempa=\box92
\@tempa=\box93
\@tempa=\box94
\@tempa=\box95
\@tempa=\box96
\@tempa=\box97
\c@minrows=\count293
\c@columnbadness=\count294
\c@finalcolumnbadness=\count295
\last@try=\dimen166
\multicolovershoot=\dimen167
\multicolundershoot=\dimen168
\mult@nat@firstbox=\box98
\colbreak@box=\box99
\mc@col@check@num=\count296
)
Package hyperref Info: Option `colorlinks' set `true' on input line 24.

(/usr/local/texlive/2025/texmf-dist/tex/latex/l3backend/l3backend-pdftex.def
File: l3backend-pdftex.def 2024-05-08 L3 backend support: PDF output (pdfTeX)
\l__color_backend_stack_int=\count297
\l__pdf_internal_box=\box100
)
(dist/Andrew_Klesh_Pro_CV.aux)
\openout1 = `Andrew_Klesh_Pro_CV.aux'.

LaTeX Font Info:    Checking defaults for OML/cmm/m/it on input line 55.
LaTeX Font Info:    ... okay on input line 55.
LaTeX Font Info:    Checking defaults for OMS/cmsy/m/n on input line 55.
LaTeX Font Info:    ... okay on input line 55.
LaTeX Font Info:    Checking defaults for OT1/cmr/m/n on input line 55.
LaTeX Font Info:    ... okay on input line 55.
LaTeX Font Info:    Checking defaults for T1/cmr/m/n on input line 55.
LaTeX Font Info:    ... okay on input line 55.
LaTeX Font Info:    Checking defaults for TS1/cmr/m/n on input line 55.
LaTeX Font Info:    ... okay on input line 55.
LaTeX Font Info:    Checking defaults for OMX/cmex/m/n on input line 55.
LaTeX Font Info:    ... okay on input line 55.
LaTeX Font Info:    Checking defaults for U/cmr/m/n on input line 55.
LaTeX Font Info:    ... okay on input line 55.
LaTeX Font Info:    Checking defaults for PD1/pdf/m/n on input line 55.
LaTeX Font Info:    ... okay on input line 55.
LaTeX Font Info:    Checking defaults for PU/pdf/m/n on input line 55.
LaTeX Font Info:    ... okay on input line 55.

*geometry* driver: auto-detecting
*geometry* detected driver: pdftex
*geometry* verbose mode - [ preamble ] result:
* driver: pdftex
* paper: letterpaper
* layout: <same size as paper>
* layoutoffset:(h,v)=(0.0pt,0.0pt)
* modes: 
* h-part:(L,W,R)=(54.2025pt, 505.89pt, 54.2025pt)
* v-part:(T,H,B)=(54.2025pt, 686.56499pt, 54.2025pt)
* \paperwidth=614.295pt
* \paperheight=794.96999pt
* \textwidth=505.89pt
* \textheight=686.56499pt
* \oddsidemargin=-18.06749pt
* \evensidemargin=-18.06749pt
* \topmargin=-55.06749pt
* \headheight=12.0pt
* \headsep=25.0pt
* \topskip=11.0pt
* \footskip=30.0pt
* \marginparwidth=59.0pt
* \marginparsep=10.0pt
* \columnsep=10.0pt
* \skip\footins=10.0pt plus 4.0pt minus 2.0pt
* \hoffset=0.0pt
* \voffset=0.0pt
* \mag=1000
* \@twocolumnfalse
* \@twosidefalse
* \@mparswitchfalse
* \@reversemarginfalse
* (1in=72.27pt=25.4mm, 1cm=28.453pt)

Package hyperref Info: Link coloring ON on input line 55.
(dist/Andrew_Klesh_Pro_CV.out) (dist/Andrew_Klesh_Pro_CV.out)
\@outlinefile=\write3
\openout3 = `Andrew_Klesh_Pro_CV.out'.


(/usr/local/texlive/2025/texmf-dist/tex/context/base/mkii/supp-pdf.mkii
[Loading MPS to PDF converter (version 2006.09.02).]
\scratchcounter=\count298
\scratchdimen=\dimen169
\scratchbox=\box101
\nofMPsegments=\count299
\nofMParguments=\count300
\everyMPshowfont=\toks24
\MPscratchCnt=\count301
\MPscratchDim=\dimen170
\MPnumerator=\count302
\makeMPintoPDFobject=\count303
\everyMPtoPDFconversion=\toks25
)

[1

{/usr/local/texlive/2025/texmf-var/fonts/map/pdftex/updmap/pdftex.map}{/usr/loc
al/texlive/2025/texmf-dist/fonts/enc/dvips/cm-super/cm-super-ts1.enc}]
Overfull \hbox (2.00737pt too wide) in paragraph at lines 106--107
[]\OT1/cmr/bx/n/10.95 CubeSat / NanoSpace-craft Con-sul-tant \OT1/cmr/m/n/10.95
 { Sup-port de-sign, con-struc-tion and op-er-a-tions of NanoSpace-
 []



[2] [3]

[4]

[5]
Overfull \hbox (226.20445pt too wide) in paragraph at lines 372--373
\OT1/cmr/m/n/10.95 ance for The Buoy-ant Rover for Under-Ice Ex-plo-ration (BRU
IE)." \OT1/cmr/m/it/10.95 iSAIRAS \OT1/cmr/m/n/10.95 [[link]](https://dataverse
.jpl.nasa.gov/file.xhtml?fileId=93199&version=2.0) 
 []


Overfull \hbox (223.38911pt too wide) in paragraph at lines 374--375
\OT1/cmr/m/n/10.95 nar Seis-mic Mon-i-tor-ing Us-ing Ter-res-trial South Pole a
s an Ana-log." \OT1/cmr/m/it/10.95 AGU24 \OT1/cmr/m/n/10.95 [[link]](https://ag
u.confex.com/agu/agu24/meetingapp.cgi/Paper/1642260) 
 []

LaTeX Font Info:    Trying to load font information for OMS+cmr on input line 3
75.
(/usr/local/texlive/2025/texmf-dist/tex/latex/base/omscmr.fd
File: omscmr.fd 2024/11/19 v2.5n Standard LaTeX font definitions
)
LaTeX Font Info:    Font shape `OMS/cmr/m/n' in size <10.95> not available
(Font)              Font shape `OMS/cmsy/m/n' tried instead on input line 375.

Overfull \hbox (150.43343pt too wide) in paragraph at lines 376--377
\OT1/cmr/m/n/10.95 motely Op-er-ated Ve-hi-cle." \OT1/cmr/m/it/10.95 IEEE Au-to
nomous Un-der-wa-ter Ve-hi-cle Con-fer-ence \OT1/cmr/m/n/10.95 [[link]](https:/
/auv2024.sites.northeastern.edu/program/) 
 []


Overfull \hbox (8.7215pt too wide) in paragraph at lines 377--378
[]\OT1/cmr/m/n/10.95 Isler, Tea and Jakuba, Michael and Kwas-nitschka, Tom and 
Purser, Au-tun and \OT1/cmr/bx/n/10.95 Klesh, A. \OT1/cmr/m/n/10.95 and Schlind
wein,
 []


Overfull \hbox (31.52411pt too wide) in paragraph at lines 379--380
\OT1/cmr/m/it/10.95 tro-bi-ol-ogy Sci-ence Con-fer-ence \OT1/cmr/m/n/10.95 [[li
nk]](https://agu.confex.com/agu/abscicon24/meetingapp.cgi/Paper/1500404) 
 []



[6]
Overfull \hbox (217.62788pt too wide) in paragraph at lines 381--382
\OT1/cmr/m/n/10.95 Ki-lauea Us-ing Dis-tributed Acous-tic Sens-ing." \OT1/cmr/m
/it/10.95 Amer-i-can Geo-phys-i-cal Union \OT1/cmr/m/n/10.95 [[link]](https://a
gu.confex.com/agu/fm23/meetingapp.cgi/Paper/1454499) 
 []


Overfull \hbox (4.08894pt too wide) in paragraph at lines 384--385
\OT1/cmr/m/it/10.95 tary Sci-ence \OT1/cmr/m/n/10.95 [[link]](https://www.cosmo
s.esa.int/documents/10435014/10435033/TherMoPSIV-abstract-
 []


Overfull \hbox (27.84576pt too wide) in paragraph at lines 385--386
\OT1/cmr/m/n/10.95 Re-search\OMS/cmsy/m/n/10.95 g\OT1/cmr/m/n/10.95 ." \OT1/cmr
/m/it/10.95 AGU Fall Meet-ing Ab-stracts \OT1/cmr/m/n/10.95 [[link]](https://ui
.adsabs.harvard.edu/abs/2022AGUFMOS14B..01S) 
 []


Overfull \hbox (161.64888pt too wide) in paragraph at lines 386--387
\OT1/cmr/m/n/10.95 Launch and Early Op-er-a-tions." \OT1/cmr/m/it/10.95 AGU Fal
l Meet-ing Ab-stracts \OT1/cmr/m/n/10.95 [[link]](https://ui.adsabs.harvard.edu
/abs/2022AGUFM.P45A..05H/abstract) 
 []


Overfull \hbox (28.31429pt too wide) in paragraph at lines 387--388
\OT1/cmr/m/n/10.95 ogy." \OT1/cmr/m/it/10.95 Amer-i-can Geo-phys-i-cal Union \O
T1/cmr/m/n/10.95 [[link]](https://agu.confex.com/agu/fm22/meetingapp.cgi/Paper/
1167201) 
 []


Overfull \hbox (130.08615pt too wide) in paragraph at lines 388--389
\OT1/cmr/m/n/10.95 ogy." \OT1/cmr/m/it/10.95 NASA Ex-plo-ration Sci-ence Fo-rum
 & Eu-ro-pean Lu-nar Sym-po-sium \OT1/cmr/m/n/10.95 [[link]](https://www.youtub
e.com/watch?v=GH2o65B1ptE) 
 []


Overfull \hbox (137.0027pt too wide) in paragraph at lines 389--390
\OT1/cmr/m/n/10.95 (2021). "In-ter-plan-e-tary Cube-Sat Mis-sions." \OT1/cmr/m/
it/10.95 Cube-sat Hand-book \OT1/cmr/m/n/10.95 [[link]](https://www.sciencedire
ct.com/book/9780128178843/cubesat-
 []


Overfull \hbox (53.48462pt too wide) in paragraph at lines 390--391
\OT1/cmr/m/n/10.95 ogy." \OT1/cmr/m/it/10.95 Lu-nar and Plan-e-tary Sci-ence Co
n-fer-ence \OT1/cmr/m/n/10.95 [[link]](https://www.hou.usra.edu/meetings/lpsc20
21/pdf/1740.pdf) 
 []


Overfull \hbox (68.06613pt too wide) in paragraph at lines 391--392
\OT1/cmr/m/n/10.95 Lu-nar Far-side." \OT1/cmr/m/it/10.95 Bul-letin of the Amer-
i-can As-tro-nom-i-cal So-ci-ety \OT1/cmr/m/n/10.95 [[link]](https://baas.aas.o
rg/pub/2021n4i379/release/1) 
 []



[7]
Overfull \hbox (191.31744pt too wide) in paragraph at lines 394--395
\OT1/cmr/m/n/10.95 for Lu-nar Wa-ter and Lu-nar Ge-ol-ogy." \OT1/cmr/m/it/10.95
 Amer-i-can Geo-phys-i-cal Union \OT1/cmr/m/n/10.95 [[link]](https://ui.adsabs.
harvard.edu/abs/2020AGUFMP060...02E/abstract) 
 []


Overfull \hbox (89.41391pt too wide) in paragraph at lines 395--396
\OT1/cmr/m/n/10.95 Deep-Sea Sen-sor and Plat-form Tech-nolo-gies." \OT1/cmr/m/i
t/10.95 As-tro-bi-ol-ogy \OT1/cmr/m/n/10.95 [[link]](https://www.liebertpub.com
/doi/10.1089/ast.2019.2129) 
 []


Overfull \hbox (27.50815pt too wide) in paragraph at lines 396--397
\OT1/cmr/m/n/10.95 "Op-por-tunis-tic Ar-ray-ing." \OT1/cmr/m/it/10.95 IEEE Aero
space Con-fer-ence \OT1/cmr/m/n/10.95 [[link]](https://ieeexplore.ieee.org/docu
ment/9172675) 
 []


Overfull \hbox (26.83891pt too wide) in paragraph at lines 397--398
\OT1/cmr/m/n/10.95 Im-prove Fu-ture Mis-sions." \OT1/cmr/m/it/10.95 IEEE Aerosp
ace Con-fer-ence \OT1/cmr/m/n/10.95 [[link]](https://ieeexplore.ieee.org/docume
nt/9172734) 
 []


Overfull \hbox (145.90457pt too wide) in paragraph at lines 400--401
\OT1/cmr/m/n/10.95 Sci-ence." \OT1/cmr/m/it/10.95 4th COSPAR Sym-po-sium on Sma
ll Space-craft \OT1/cmr/m/n/10.95 [[link]](https://program.eventact.com/Agenda/
Lecture/201318?code=3991990) 
 []


Overfull \hbox (193.6746pt too wide) in paragraph at lines 402--403
\OT1/cmr/m/n/10.95 "At-ti-tude Con-trol Sys-tem for the Mars Cube One Space-cra
ft." \OT1/cmr/m/it/10.95 IEEE Aerospace Con-fer-ence \OT1/cmr/m/n/10.95 [[link]
](https://ieeexplore.ieee.org/document/8741816) 
 []



[8]
Overfull \hbox (16.43951pt too wide) in paragraph at lines 406--407
\OT1/cmr/m/it/10.95 AGU Fall Meet-ing Ab-stracts \OT1/cmr/m/n/10.95 [[link]](ht
tps://ui.adsabs.harvard.edu/abs/2018AGUFM.C21B1314C/abstract) 
 []


Overfull \hbox (88.31522pt too wide) in paragraph at lines 410--411
\OT1/cmr/m/it/10.95 tional As-tro-nau-ti-cal Congress \OT1/cmr/m/n/10.95 [[link
]](https://www.iafastro.org/events/iac/iac-2019/technical-programme/keynotes/fr
iday-
 []


Overfull \hbox (25.94534pt too wide) in paragraph at lines 410--411
\OT1/cmr/m/n/10.95 25-october-2019-morning-session/b48-marco-flight-results-fro
m-the-first-interplanetary-cubesat-mission.html) 
 []


Overfull \hbox (31.1596pt too wide) in paragraph at lines 411--412
\OT1/cmr/m/n/10.95 Cube-Sats to Mars." \OT1/cmr/m/it/10.95 Small-Sat Con-fer-en
ce \OT1/cmr/m/n/10.95 [[link]](https://digitalcommons.usu.edu/smallsat/2018/all
2018/474/) 
 []


Overfull \hbox (91.84337pt too wide) in paragraph at lines 413--414
\OT1/cmr/m/n/10.95 tary Tra-jec-to-ries for NanoSpace-craft." \OT1/cmr/m/it/10.
95 Jour-nal of Space-craft and Rock-ets \OT1/cmr/m/n/10.95 [[link]](https://arc
.aiaa.org/doi/10.2514/1.A33789) 
 []


Overfull \hbox (259.40524pt too wide) in paragraph at lines 414--415
\OT1/cmr/m/n/10.95 In-ter-plan-e-tary Cube-sats for Flight." \OT1/cmr/m/it/10.9
5 49th An-nual Lu-nar and Plan-e-tary Sci-ence Con-fer-ence \OT1/cmr/m/n/10.95 
[[link]](https://www.hou.usra.edu/meetings/lpsc2018/pdf/2923.pdf) 
 []


Overfull \hbox (170.84369pt too wide) in paragraph at lines 416--417
\OT1/cmr/m/n/10.95 Flight with Small Space-craft." \OT1/cmr/m/it/10.95 42nd COS
PAR Sci-en-tific As-sem-bly \OT1/cmr/m/n/10.95 [[link]](https://ui.adsabs.harva
rd.edu/abs/2018cosp...42E1774K/abstract) 
 []


Overfull \hbox (161.52718pt too wide) in paragraph at lines 417--418
\OT1/cmr/m/n/10.95 Pre-dic-tions of Sea Level Rise." \OT1/cmr/m/it/10.95 AGU Fa
ll Meet-ing Ab-stracts \OT1/cmr/m/n/10.95 [[link]](https://ui.adsabs.harvard.ed
u/abs/2018AGUFM.C21B1314C/abstract) 
 []


Overfull \hbox (178.48792pt too wide) in paragraph at lines 420--421
[]\OT1/cmr/bx/n/10.95 Klesh, A.T. \OT1/cmr/m/n/10.95 (2018). "MarCO: Mars Cube 
One." \OT1/cmr/m/it/10.95 Cube-Sat De-vel-oper's Work-shop \OT1/cmr/m/n/10.95 [
[link]](https://www.youtube.com/watch?v=sdd8GKpuGy4) 
 []



[9]
Overfull \hbox (163.07826pt too wide) in paragraph at lines 422--423
\OT1/cmr/m/n/10.95 op-ment on a Cube-Sat Scale." \OT1/cmr/m/it/10.95 Space Op-e
r-a-tions: Con-tri-bu-tions from the Global Com-mu-nity \OT1/cmr/m/n/10.95 [[li
nk]](https://arc.aiaa.org/doi/10.2514/6.2016-
 []


Overfull \hbox (58.4849pt too wide) in paragraph at lines 424--425
\OT1/cmr/m/n/10.95 trifuge for Long Du-ra-tion Mil-ligrav-ity Re-search." \OT1/
cmr/m/it/10.95 NPJ Mi-cro-grav-ity \OT1/cmr/m/n/10.95 [[link]](https://www.natu
re.com/articles/s41526-
 []


Overfull \hbox (131.96306pt too wide) in paragraph at lines 425--426
\OT1/cmr/m/n/10.95 Func-tion of Al-ti-tude, Lat-i-tude, and Shield-ing." \OT1/c
mr/m/it/10.95 Jour-nal of Space-craft and Rock-ets \OT1/cmr/m/n/10.95 [[link]](
https://arc.aiaa.org/doi/10.2514/1.A33790) 
 []


Overfull \hbox (187.61604pt too wide) in paragraph at lines 426--427
\OT1/cmr/m/n/10.95 Mars Sys-tem Sci-ence." \OT1/cmr/m/it/10.95 AAS/Division for
 Plan-e-tary Sci-ences Meet-ing \OT1/cmr/m/n/10.95 [[link]](https://ui.adsabs.h
arvard.edu/abs/2017DPS....4941825E/abstract) 
 []


Overfull \hbox (53.62988pt too wide) in paragraph at lines 432--433
\OT1/cmr/m/n/10.95 Sats." \OT1/cmr/m/it/10.95 41st COSPAR Sci-en-tific As-sem-b
ly \OT1/cmr/m/n/10.95 [[link]](https://ui.adsabs.harvard.edu/abs/2016cosp...41E
1014K/abstract) 
 []


Overfull \hbox (291.96915pt too wide) in paragraph at lines 433--434
\OT1/cmr/m/it/10.95 Work-shop, Cal Poly State Univ., San Luis Obispo, CA \OT1/c
mr/m/n/10.95 [[link]](http://mstl.atl.calpoly.edu/~workshop/archive/2018/Spring
/Day%202/Session%201/AndrewKlesh.pdf) 
 []


Overfull \hbox (60.30934pt too wide) in paragraph at lines 436--437
\OT1/cmr/m/n/10.95 tem for use by a Deep Space Cube-Sat Mis-sion." \OT1/cmr/m/i
t/10.95 Ground Sys-tems Ar-chi-tec-tures Work-shop \OT1/cmr/m/n/10.95 [[link]](
https://gsaw.org/wp-
 []



[10]
Overfull \hbox (249.73405pt too wide) in paragraph at lines 441--442
\OT1/cmr/m/n/10.95 "JPL's Ad-vanced Cube-Sat Con-cepts for Deep Space Ex-plo-ra
tion." \OT1/cmr/m/it/10.95 Small-Sat Con-fer-ence \OT1/cmr/m/n/10.95 [[link]](h
ttps://digitalcommons.usu.edu/smallsat/2015/all2015/147/) 
 []


Overfull \hbox (10.0892pt too wide) in paragraph at lines 443--444
\OT1/cmr/m/it/10.95 vel-oper's Work-shop \OT1/cmr/m/n/10.95 [[link]](http://mst
l.atl.calpoly.edu/~workshop/archive/2015/Summer/Day%202/1130-
 []



[11]
Overfull \hbox (44.39598pt too wide) in paragraph at lines 459--460
\OT1/cmr/m/n/10.95 eX-plorer." \OT1/cmr/m/it/10.95 Acta As-tro-nau-tica \OT1/cm
r/m/n/10.95 [[link]](https://www.sciencedirect.com/science/article/abs/pii/S009
4576512004894) 
 []


Overfull \hbox (169.68568pt too wide) in paragraph at lines 464--465
\OT1/cmr/m/n/10.95 (2013). "Positive-Buoyancy Rover for Un-der Ice Mo-bil-ity."
 \OT1/cmr/m/it/10.95 Mag-a-zine \OT1/cmr/m/n/10.95 [[link]](https://www.techbri
efs.com/component/content/article/18752-
 []



[12]
Overfull \hbox (96.43796pt too wide) in paragraph at lines 472--473
\OT1/cmr/m/it/10.95 Con-cepts and Ap-proaches for Mars Ex-plo-ration \OT1/cmr/m
/n/10.95 [[link]](https://www.lpi.usra.edu/meetings/marsconcepts2012/pdf/4124.p
df) 
 []


Overfull \hbox (17.10246pt too wide) in paragraph at lines 473--474
\OT1/cmr/m/n/10.95 ration." \OT1/cmr/m/it/10.95 As-ter-oids, Comets and Me-te-o
rs \OT1/cmr/m/n/10.95 [[link]](https://www.lpi.usra.edu/meetings/acm2012/pdf/64
78.pdf) 
 []


Overfull \hbox (96.43796pt too wide) in paragraph at lines 475--476
\OT1/cmr/m/it/10.95 Con-cepts and Ap-proaches for Mars Ex-plo-ration \OT1/cmr/m
/n/10.95 [[link]](https://www.lpi.usra.edu/meetings/marsconcepts2012/pdf/4277.p
df) 
 []


Overfull \hbox (60.81506pt too wide) in paragraph at lines 476--477
\OT1/cmr/m/n/10.95 ration." \OT1/cmr/m/it/10.95 Lu-nar and Plan-e-tary Sci-ence
 Con-fer-ence \OT1/cmr/m/n/10.95 [[link]](https://www.lpi.usra.edu/meetings/lps
c2012/pdf/2326.pdf) 
 []


Overfull \hbox (179.04532pt too wide) in paragraph at lines 477--478
\OT1/cmr/m/n/10.95 Sys-tems." \OT1/cmr/m/it/10.95 2012 IEEE/ACM Third In-ter-na
-tional Con-fer-ence on Cyber-Physical Sys-tems \OT1/cmr/m/n/10.95 [[link]](htt
ps://ieeexplore.ieee.org/document/6197387) 
 []

LaTeX Font Info:    Font shape `OMS/cmr/m/it' in size <10.95> not available
(Font)              Font shape `OMS/cmsy/m/n' tried instead on input line 478.

Overfull \hbox (178.5301pt too wide) in paragraph at lines 483--484
\OT1/cmr/m/n/10.95 Rover for Under-Ice Ex-plo-ration." \OT1/cmr/m/it/10.95 AGU 
Fall Meet-ing Ab-stracts \OT1/cmr/m/n/10.95 [[link]](https://ui.adsabs.harvard.
edu/abs/2012AGUFM.C13E0655B/abstract) 
 []


Overfull \hbox (15.01733pt too wide) in paragraph at lines 485--486
\OT1/cmr/m/it/10.95 ence on Small Satel-lites \OT1/cmr/m/n/10.95 [[link]](https
://dataverse.jpl.nasa.gov/dataset.xhtml?persistentId=hdl:2014/43168) 
 []



[13]
Overfull \hbox (218.69814pt too wide) in paragraph at lines 487--488
\OT1/cmr/m/n/10.95 Land-ing Po-si-tion on Itokawa." \OT1/cmr/m/it/10.95 Pro-cee
d-ings of the 2011 In-ter-na-tional As-tro-nau-ti-cal Congress \OT1/cmr/m/n/10.
95 [[link]](https://iafastro.directory/iac/archive/browse/IAC-
 []


Overfull \hbox (6.6374pt too wide) in paragraph at lines 490--491
\OT1/cmr/m/it/10.95 Flight Me-chan-ics Meet-ing \OT1/cmr/m/n/10.95 [[link]](htt
ps://tus.elsevierpure.com/en/publications/trajectory-reconstruction-
 []


Overfull \hbox (128.02599pt too wide) in paragraph at lines 492--493
\OT1/cmr/m/n/10.95 plo-ration." \OT1/cmr/m/it/10.95 Pro-ceed-ings of the 2010 I
n-ter-na-tional As-tro-nau-ti-cal Congress \OT1/cmr/m/n/10.95 [[link]](https://
iafastro.directory/iac/archive/browse/IAC-
 []


Overfull \hbox (45.93202pt too wide) in paragraph at lines 494--495
\OT1/cmr/m/it/10.95 can In-sti-tute of Aero-nau-tics and As-tro-nau-tics \OT1/c
mr/m/n/10.95 [[link]](https://digitalcommons.usu.edu/smallsat/2010/all2010/12/)
 
 []


Overfull \hbox (88.35902pt too wide) in paragraph at lines 495--496
\OT1/cmr/m/n/10.95 Small Satel-lite Mis-sion." \OT1/cmr/m/it/10.95 AIAA/AAS As-
tro-dy-nam-ics Spe-cial-ist Con-fer-ence \OT1/cmr/m/n/10.95 [[link]](https://ex
ploration.engin.umich.edu/wp-
 []


Overfull \hbox (265.25009pt too wide) in paragraph at lines 496--497
\OT1/cmr/m/n/10.95 Ap-pli-ca-tions." \OT1/cmr/m/it/10.95 Pro-ceed-ings of the 4
0th Aerospace Mech-a-nisms Sym-po-sium \OT1/cmr/m/n/10.95 [[link]](https://ntrs
.nasa.gov/api/citations/20100021926/downloads/20100021926.pdf) 
 []


Overfull \hbox (131.88531pt too wide) in paragraph at lines 497--498
\OT1/cmr/m/n/10.95 Through Higher El-e-va-tion Links." \OT1/cmr/m/it/10.95 AIAA
/AAS As-tro-dy-nam-ics Spe-cial-ist Con-fer-ence \OT1/cmr/m/n/10.95 [[link]](ht
tps://arc.aiaa.org/doi/10.2514/6.2010-
 []


Overfull \hbox (61.9204pt too wide) in paragraph at lines 501--502
\OT1/cmr/m/it/10.95 na-tional Con-fer-ence on Co-op-er-a-tive Con-trol and Op-t
i-miza-tion \OT1/cmr/m/n/10.95 [[link]](https://link.springer.com/chapter/10.10
07/978-
 []



[14]
Overfull \hbox (95.17319pt too wide) in paragraph at lines 502--503
\OT1/cmr/m/n/10.95 through the use of Soft-ware De-fined Ra-dios." \OT1/cmr/m/i
t/10.95 Soft-ware De-fined Ra-dio Fo-rum \OT1/cmr/m/n/10.95 [[link]](https://ex
ploration.engin.umich.edu/wp-
 []


Overfull \hbox (157.35722pt too wide) in paragraph at lines 507--508
\OT1/cmr/m/n/10.95 Body Ob-jects." \OT1/cmr/m/it/10.95 40th An-nual Lu-nar and 
Plan-e-tary Sci-ence Con-fer-ence \OT1/cmr/m/n/10.95 [[link]](https://www.lpi.u
sra.edu/meetings/lpsc2009/pdf/1223.pdf) 
 []


Overfull \hbox (117.76341pt too wide) in paragraph at lines 509--510
\OT1/cmr/m/n/10.95 and Per-pet-ual En-durance." \OT1/cmr/m/it/10.95 AIAA Jour-n
al of Guid-ance, Con-trol, and Dy-nam-ics \OT1/cmr/m/n/10.95 [[link]](https://a
rc.aiaa.org/doi/10.2514/1.40139) 
 []


Overfull \hbox (126.90718pt too wide) in paragraph at lines 513--514
\OT1/cmr/m/n/10.95 un-manned aerial ve-hi-cles." \OT1/cmr/m/it/10.95 Op-ti-miza
-tion and Co-op-er-a-tive Con-trol Strate-gies \OT1/cmr/m/n/10.95 [[link]](http
s://link.springer.com/chapter/10.1007/978-
 []


Overfull \hbox (66.32074pt too wide) in paragraph at lines 514--515
\OT1/cmr/m/n/10.95 tain Ex-plo-ration." \OT1/cmr/m/it/10.95 2009 Amer-i-can Con
-trol Con-fer-ence \OT1/cmr/m/n/10.95 [[link]](https://ieeexplore.ieee.org/abst
ract/document/5160286) 
 []


Overfull \hbox (46.13716pt too wide) in paragraph at lines 515--516
\OT1/cmr/m/it/10.95 con-fer-ence \OT1/cmr/m/n/10.95 [[link]](https://ieeexplore
.ieee.org/abstract/document/4839323/footnotes?signout=success#footnotes) 
 []


Overfull \hbox (96.32803pt too wide) in paragraph at lines 516--517
[]\OT1/cmr/bx/n/10.95 Klesh, A.T. \OT1/cmr/m/n/10.95 (2009). "Op-ti-mal Ex-plo-
ration Sys-tems." \OT1/cmr/m/it/10.95 The-sis \OT1/cmr/m/n/10.95 [[link]](https
://deepblue.lib.umich.edu/handle/2027.42/62332) 
 []


Overfull \hbox (101.53314pt too wide) in paragraph at lines 519--520
\OT1/cmr/m/it/10.95 Pro-ceed-ings of the 2009 In-ter-na-tional As-tro-nau-ti-ca
l Congress \OT1/cmr/m/n/10.95 [[link]](https://iafastro.directory/iac/paper/id/
3833/summary/) 
 []



[15]
Overfull \hbox (61.6083pt too wide) in paragraph at lines 520--521
\OT1/cmr/m/n/10.95 Sci-ence." \OT1/cmr/m/it/10.95 AGU Fall Meet-ing Ab-stracts 
\OT1/cmr/m/n/10.95 [[link]](https://ui.adsabs.harvard.edu/abs/2008AGUFM.P51C142
6B/abstract) 
 []


Overfull \hbox (199.59813pt too wide) in paragraph at lines 521--522
\OT1/cmr/m/n/10.95 Study." \OT1/cmr/m/it/10.95 AAS/Division for Plan-e-tary Sci
-ences Meet-ing Ab-stracts\OMS/cmsy/m/n/10.95 nfg\OT1/cmr/m/it/10.95 # 40 \OT1/
cmr/m/n/10.95 [[link]](https://ui.adsabs.harvard.edu/abs/2008DPS....40.1809S/ab
stract) 
 []


Overfull \hbox (121.73996pt too wide) in paragraph at lines 522--523
\OT1/cmr/m/n/10.95 Time-Optimal In-for-ma-tion Col-lec-tion." \OT1/cmr/m/it/10.
95 2008 Amer-i-can Con-trol Con-fer-ence \OT1/cmr/m/n/10.95 [[link]](https://ie
eexplore.ieee.org/document/4586785) 
 []


Overfull \hbox (151.85515pt too wide) in paragraph at lines 523--524
\OT1/cmr/m/n/10.95 Optimal Ex-plo-ration." \OT1/cmr/m/it/10.95 AIAA Guid-ance, 
Nav-i-ga-tion and Con-trol Con-fer-ence and Ex-hibit \OT1/cmr/m/n/10.95 [[link]
](https://arc.aiaa.org/doi/10.2514/6.2008-
 []


Overfull \hbox (46.47195pt too wide) in paragraph at lines 525--526
\OT1/cmr/m/it/10.95 ence \OT1/cmr/m/n/10.95 [[link]](https://asmedigitalcollect
ion.asme.org/DSCC/proceedings-abstract/DSCC2008/43352/1491/334031) 
 []


Overfull \hbox (1.59657pt too wide) in paragraph at lines 526--527
\OT1/cmr/m/n/10.95 in Level Flight." \OT1/cmr/m/it/10.95 AIAA Guid-ance, Nav-i-
ga-tion and Con-trol Con-fer-ence and Ex-hibit \OT1/cmr/m/n/10.95 [[link]](10.2
514/6.2007-
 []


Overfull \hbox (257.41624pt too wide) in paragraph at lines 527--528
\OT1/cmr/m/n/10.95 ual En-durance." \OT1/cmr/m/it/10.95 Pro-ceed-ings of the 58
th In-ter-na-tional As-tro-nau-ti-cal Congress, no. IAC-07-D3 \OT1/cmr/m/n/10.9
5 [[link]](https://websites.umich.edu/~arclab/macccs/media/IAC-
 []



[16] (dist/Andrew_Klesh_Pro_CV.aux)
 ***********
LaTeX2e <2024-11-01> patch level 2
L3 programming layer <2025-01-18>
 ***********
Package rerunfilecheck Info: File `Andrew_Klesh_Pro_CV.out' has not changed.
(rerunfilecheck)             Checksum: D41D8CD98F00B204E9800998ECF8427E;0.
 ) 
Here is how much of TeX's memory you used:
 10224 strings out of 473190
 159881 string characters out of 5715801
 592325 words of memory out of 5000000
 33375 multiletter control sequences out of 15000+600000
 561600 words of font info for 45 fonts, out of 8000000 for 9000
 1141 hyphenation exceptions out of 8191
 75i,11n,79p,1213b,566s stack positions out of 10000i,1000n,20000p,200000b,200000s
</usr/local/texlive/2025/texmf-dist/fonts/type1/public/amsfonts/cm/cmbx10.pfb
></usr/local/texlive/2025/texmf-dist/fonts/type1/public/amsfonts/cm/cmbx12.pfb>
</usr/local/texlive/2025/texmf-dist/fonts/type1/public/amsfonts/cm/cmr10.pfb></
usr/local/texlive/2025/texmf-dist/fonts/type1/public/amsfonts/cm/cmr12.pfb></us
r/local/texlive/2025/texmf-dist/fonts/type1/public/amsfonts/cm/cmsy10.pfb></usr
/local/texlive/2025/texmf-dist/fonts/type1/public/amsfonts/cm/cmti10.pfb></usr/
local/texlive/2025/texmf-dist/fonts/type1/public/cm-super/sfrm1095.pfb>
Output written on dist/Andrew_Klesh_Pro_CV.pdf (16 pages, 175748 bytes).
PDF statistics:
 117 PDF objects out of 1000 (max. 8388607)
 84 compressed objects within 1 object stream
 17 named destinations out of 1000 (max. 500000)
 1 words of extra memory for PDF output out of 10000 (max. 10000000)

